AI MOCK GENERATOR: Simulating Network Attacks for React Dashboard
Targeting http://localhost:8001/api/v1/traffic/log...
Press Ctrl+C to stop.
Sent AI ALERT: Probe detected via Random Forest model!
Sent AI ALERT: U2R (Root Access) detected via Random Forest model!
Sent AI ALERT: DoS detected via Random Forest model!
Sent AI ALERT: U2R (Root Access) detected via Random Forest model!
Sent AI ALERT: U2R (Root Access) detected via Random Forest model!
Sent AI ALERT: Probe detected via Random Forest model!
Sent AI ALERT: Probe detected via Random Forest model!
Sent AI ALERT: DDoS (Ping of Death) detected via Random Forest model!
Sent AI ALERT: Probe detected via Random Forest model!
Sent AI ALERT: DDoS (Ping of Death) detected via Random Forest model!
Sent AI ALERT: Probe detected via Random Forest model!
Sent AI ALERT: DoS detected via Random Forest model!
Sent AI ALERT: U2R (Root Access) detected via Random Forest model!
Sent AI ALERT: DoS detected via Random Forest model!
Sent AI ALERT: DDoS (Ping of Death) detected via Random Forest model!
Sent AI ALERT: U2R (Root Access) detected via Random Forest model!
Sent AI ALERT: DDoS (Ping of Death) detected via Random Forest model!
Sent AI ALERT: Probe detected via Random Forest model!
Sent AI ALERT: Probe detected via Random Forest model!
Sent AI ALERT: U2R (Root Access) detected via Random Forest model!
Sent AI ALERT: U2R (Root Access) detected via Random Forest model!
Sent AI ALERT: DDoS (Ping of Death) detected via Random Forest model!
Sent AI ALERT: U2R (Root Access) detected via Random Forest model!
Sent AI ALERT: DoS detected via Random Forest model!
Sent AI ALERT: Probe detected via Random Forest model!
Sent AI ALERT: DDoS (Ping of Death) detected via Random Forest model!
Sent AI ALERT: Probe detected via Random Forest model!
Sent AI ALERT: Probe detected via Random Forest model!
Sent AI ALERT: DDoS (Ping of Death) detected via Random Forest model!
Sent AI ALERT: DDoS (Ping of Death) detected via Random Forest model!
Sent AI ALERT: DoS detected via Random Forest model!
Sent AI ALERT: DDoS (Ping of Death) detected via Random Forest model!
Sent AI ALERT: U2R (Root Access) detected via Random Forest model!
Sent AI ALERT: U2R (Root Access) detected via Random Forest model!
Sent AI ALERT: U2R (Root Access) detected via Random Forest model!
Sent AI ALERT: Probe detected via Random Forest model!
Sent AI ALERT: Probe detected via Random Forest model!
Sent AI ALERT: Probe detected via Random Forest model!
Sent AI ALERT: DoS detected via Random Forest model!
Sent AI ALERT: Probe detected via Random Forest model!
Sent AI ALERT: DDoS (Ping of Death) detected via Random Forest model!
Sent AI ALERT: DDoS (Ping of Death) detected via Random Forest model!
Sent AI ALERT: Probe detected via Random Forest model!
Sent AI ALERT: U2R (Root Access) detected via Random Forest model!
Sent AI ALERT: U2R (Root Access) detected via Random Forest model!
Sent AI ALERT: U2R (Root Access) detected via Random Forest model!
Sent AI ALERT: DoS detected via Random Forest model!
Sent AI ALERT: U2R (Root Access) detected via Random Forest model!
Sent AI ALERT: DDoS (Ping of Death) detected via Random Forest model!
Sent AI ALERT: DDoS (Ping of Death) detected via Random Forest model!
Sent AI ALERT: Probe detected via Random Forest model!
Sent AI ALERT: DoS detected via Random Forest model!
Sent AI ALERT: U2R (Root Access) detected via Random Forest model!
Sent AI ALERT: DoS detected via Random Forest model!
Sent AI ALERT: Probe detected via Random Forest model!
Sent AI ALERT: DDoS (Ping of Death) detected via Random Forest model!
Sent AI ALERT: Probe detected via Random Forest model!
Sent AI ALERT: DDoS (Ping of Death) detected via Random Forest model!
Sent AI ALERT: DoS detected via Random Forest model!
Sent AI ALERT: U2R (Root Access) detected via Random Forest model!
Sent AI ALERT: U2R (Root Access) detected via Random Forest model!
Sent AI ALERT: U2R (Root Access) detected via Random Forest model!
Sent AI ALERT: DDoS (Ping of Death) detected via Random Forest model!
Sent AI ALERT: U2R (Root Access) detected via Random Forest model!
Sent AI ALERT: Probe detected via Random Forest model!
Sent AI ALERT: DDoS (Ping of Death) detected via Random Forest model!
Sent AI ALERT: DoS detected via Random Forest model!
Sent AI ALERT: Probe detected via Random Forest model!
Sent AI ALERT: Probe detected via Random Forest model!
Sent AI ALERT: DoS detected via Random Forest model!
Sent AI ALERT: U2R (Root Access) detected via Random Forest model!
Sent AI ALERT: Probe detected via Random Forest model!
Sent AI ALERT: Probe detected via Random Forest model!
Sent AI ALERT: DoS detected via Random Forest model!
Sent AI ALERT: Probe detected via Random Forest model!
Sent AI ALERT: DDoS (Ping of Death) detected via Random Forest model!
Sent AI ALERT: Probe detected via Random Forest model!
Sent AI ALERT: DDoS (Ping of Death) detected via Random Forest model!
Sent AI ALERT: Probe detected via Random Forest model!
Sent AI ALERT: Probe detected via Random Forest model!
Sent AI ALERT: U2R (Root Access) detected via Random Forest model!
Sent AI ALERT: DoS detected via Random Forest model!
Sent AI ALERT: Probe detected via Random Forest model!
Sent AI ALERT: Probe detected via Random Forest model!
Sent AI ALERT: DDoS (Ping of Death) detected via Random Forest model!
Sent AI ALERT: U2R (Root Access) detected via Random Forest model!
Sent AI ALERT: DDoS (Ping of Death) detected via Random Forest model!
Sent AI ALERT: U2R (Root Access) detected via Random Forest model!
Sent AI ALERT: DDoS (Ping of Death) detected via Random Forest model!
Sent AI ALERT: DoS detected via Random Forest model!
Sent AI ALERT: U2R (Root Access) detected via Random Forest model!
Sent AI ALERT: U2R (Root Access) detected via Random Forest model!
Sent AI ALERT: DDoS (Ping of Death) detected via Random Forest model!
Sent AI ALERT: DoS detected via Random Forest model!
Sent AI ALERT: DoS detected via Random Forest model!
Sent AI ALERT: U2R (Root Access) detected via Random Forest model!
Sent AI ALERT: DDoS (Ping of Death) detected via Random Forest model!
Sent AI ALERT: DoS detected via Random Forest model!
Sent AI ALERT: DDoS (Ping of Death) detected via Random Forest model!
Sent AI ALERT: Probe detected via Random Forest model!
Sent AI ALERT: DoS detected via Random Forest model!
Sent AI ALERT: Probe detected via Random Forest model!
Sent AI ALERT: U2R (Root Access) detected via Random Forest model!
Sent AI ALERT: DDoS (Ping of Death) detected via Random Forest model!
Sent AI ALERT: Probe detected via Random Forest model!
Sent AI ALERT: Probe detected via Random Forest model!
Sent AI ALERT: U2R (Root Access) detected via Random Forest model!
Sent AI ALERT: DDoS (Ping of Death) detected via Random Forest model!
Sent AI ALERT: Probe detected via Random Forest model!
Sent AI ALERT: U2R (Root Access) detected via Random Forest model!
Sent AI ALERT: DoS detected via Random Forest model!
Sent AI ALERT: Probe detected via Random Forest model!
Sent AI ALERT: U2R (Root Access) detected via Random Forest model!
Sent AI ALERT: DoS detected via Random Forest model!
Sent AI ALERT: U2R (Root Access) detected via Random Forest model!
Sent AI ALERT: DoS detected via Random Forest model!
Sent AI ALERT: DoS detected via Random Forest model!
Sent AI ALERT: Probe detected via Random Forest model!
Sent AI ALERT: Probe detected via Random Forest model!
Sent AI ALERT: Probe detected via Random Forest model!
Sent AI ALERT: Probe detected via Random Forest model!
Sent AI ALERT: DoS detected via Random Forest model!
Sent AI ALERT: U2R (Root Access) detected via Random Forest model!
Sent AI ALERT: Probe detected via Random Forest model!
Sent AI ALERT: U2R (Root Access) detected via Random Forest model!
Sent AI ALERT: DoS detected via Random Forest model!
Sent AI ALERT: U2R (Root Access) detected via Random Forest model!
Sent AI ALERT: DDoS (Ping of Death) detected via Random Forest model!
Sent AI ALERT: DoS detected via Random Forest model!
Sent AI ALERT: DoS detected via Random Forest model!