INFO:     Will watch for changes in these directories: ['C:\\Users\\khalo\\nids\\backend']
INFO:     Uvicorn running on http://0.0.0.0:8000 (Press CTRL+C to quit)
INFO:     Started reloader process [31944] using StatReload
Model not found at C:\Users\khalo\nids\backend\app\shared-models\nids_xgb.pkl
Model not found in shared models directory
C:\Users\khalo\nids\backend\app\api\v1\endpoints\alerts.py:635: FastAPIDeprecationWarning: `regex` has been deprecated, please use `pattern` instead
  format: str = Query(default="csv", regex="^(csv|json|pdf)$"),
INFO:     Started server process [42496]
INFO:     Waiting for application startup.
INFO:     Application startup complete.
INFO:     127.0.0.1:53716 - "WebSocket /api/v1/traffic/stream?token=eyJhbGciOiJIUzI1NiIsInR5cCI6IkpXVCJ9.eyJleHAiOjE3ODAwNzc3MTUsInN1YiI6ImFmYTlhZWEzLWEyZGQtNDhhMC04MzllLWIxYjc2ODcxYTI1OSJ9.FPFHbk9tQgU00-efCyzpo6UxVHGBcOiT5wQU2-5KE7E" [accepted]
INFO:     connection open
WARNING:  StatReload detected changes in 'app\api\v1\endpoints\analytics.py'. Reloading...
INFO:     Shutting down
INFO:     connection closed
INFO:     Waiting for application shutdown.
INFO:     Application shutdown complete.
INFO:     Finished server process [42496]
Model not found at C:\Users\khalo\nids\backend\app\shared-models\nids_xgb.pkl
Model not found in shared models directory
C:\Users\khalo\nids\backend\app\api\v1\endpoints\alerts.py:635: FastAPIDeprecationWarning: `regex` has been deprecated, please use `pattern` instead
  format: str = Query(default="csv", regex="^(csv|json|pdf)$"),
INFO:     Started server process [5144]
INFO:     Waiting for application startup.
INFO:     Application startup complete.
INFO:     127.0.0.1:62648 - "WebSocket /api/v1/traffic/stream?token=eyJhbGciOiJIUzI1NiIsInR5cCI6IkpXVCJ9.eyJleHAiOjE3ODAwNzc3MTUsInN1YiI6ImFmYTlhZWEzLWEyZGQtNDhhMC04MzllLWIxYjc2ODcxYTI1OSJ9.FPFHbk9tQgU00-efCyzpo6UxVHGBcOiT5wQU2-5KE7E" [accepted]
INFO:     connection open
INFO:     connection closed
INFO:     127.0.0.1:57202 - "WebSocket /api/v1/traffic/stream?token=eyJhbGciOiJIUzI1NiIsInR5cCI6IkpXVCJ9.eyJleHAiOjE3ODAwODA1MDQsInN1YiI6ImFmYTlhZWEzLWEyZGQtNDhhMC04MzllLWIxYjc2ODcxYTI1OSJ9.sq4YpUcSx7iV2R4f23t8cX-IiDdj-ECfIDwoHR0yv-I" [accepted]
INFO:     connection open
INFO:     connection closed
INFO:     127.0.0.1:57832 - "WebSocket /api/v1/traffic/stream?token=eyJhbGciOiJIUzI1NiIsInR5cCI6IkpXVCJ9.eyJleHAiOjE3ODAwODA1MDQsInN1YiI6ImFmYTlhZWEzLWEyZGQtNDhhMC04MzllLWIxYjc2ODcxYTI1OSJ9.sq4YpUcSx7iV2R4f23t8cX-IiDdj-ECfIDwoHR0yv-I" [accepted]
INFO:     connection open
INFO:     connection closed
